// Jest Snapshot v1, https://goo.gl/fbAQLP

exports[`Tests - GifItem Component Should match snapshot 1`] = `
<div>
  <div
    class="card"
  >
    <img
      alt="Test Title"
      src="http://www.testurl.com/test-image"
    />
    <p>
      Test Title
    </p>
  </div>
</div>
`;
